// Jest Snapshot v1, https://goo.gl/fbAQLP

exports[`<Input /> Should render the <Input /> 1`] = `ShallowWrapper {}`;
