// Jest Snapshot v1, https://goo.gl/fbAQLP

exports[`<ForgotPasswordMessage /> should render the <ForgotPasswordMessage /> 1`] = `ShallowWrapper {}`;
