// Jest Snapshot v1, https://goo.gl/fbAQLP

exports[`<ResetPassword /> should render the <ResetPassword /> 1`] = `
<section
  className="main-content middle-content"
>
  <form
    className="bg-primary-light centered-form margin-content"
  >
    <div
      className="color-primary to-center"
    >
      <h2>
        CHANGE YOUR PASSWORD
      </h2>
    </div>
    <div
      className="content-padding-h"
    >
      <div
        className="form-errors"
      >
        <span>
          
        </span>
      </div>
      <div
        className="content-margin-bottom"
      >
        <div
          className="input primary"
        >
          <i
            className="fa fa-lock"
          />
          <input
            className="bg-primary-light"
            name="newPassword"
            onChange={[Function]}
            placeholder="New Password"
            type="password"
            value=""
          />
        </div>
        <div
          className="mb-20"
        />
        <div
          className="input primary"
        >
          <i
            className="fa fa-lock"
          />
          <input
            className="bg-primary-light"
            name="confirmNewpassword"
            onChange={[Function]}
            placeholder="Confirm New Password"
            type="password"
            value=""
          />
        </div>
      </div>
      <button
        className="button primary color-white content-margin width-100 "
        disabled=""
        onClick={[Function]}
        type="button"
      >
        Change Password
      </button>
    </div>
  </form>
</section>
`;
