// Jest Snapshot v1, https://goo.gl/fbAQLP

exports[`<App /> Should render the APP 1`] = `ShallowWrapper {}`;
