// Jest Snapshot v1, https://goo.gl/fbAQLP

exports[`<Button/> \`Button\` component should be rendered 1`] = `ShallowWrapper {}`;
